// Jest Snapshot v1, https://goo.gl/fbAQLP

exports[`WarningToastWithConfirmation should match snapshot 1`] = `
<div
  className="flex flex-column nexus-c-toast__container"
>
  <div
    className="row type-success"
  >
    <div
      className="text-center col-2 nexus-c-toast__icon-container"
    >
      <i
        className="pi pi-check pi-fluid nexus-c-toast__icon"
      />
    </div>
    <div
      className="col-10"
    >
      <div
        className="row g-0 nexus-c-toast__row-without-padding"
      >
        <span
          className="nexus-c-toast__summary-title"
        />
      </div>
      <div
        className="row g-0 nexus-c-toast__row-without-padding"
      >
        <span
          className="nexus-c-toast__detail-title"
        />
      </div>
    </div>
  </div>
</div>
`;
