// Jest Snapshot v1, https://goo.gl/fbAQLP

exports[`DynamicDropdown should match snapshot 1`] = `
<Dropdown
  __TYPE="Dropdown"
  appendTo={null}
  ariaLabel={null}
  ariaLabelledBy={null}
  autoFocus={false}
  className={null}
  dataKey={null}
  disabled={false}
  dropdownIcon="pi pi-chevron-down"
  editable={false}
  emptyFilterMessage={null}
  emptyMessage={null}
  filter={false}
  filterBy="label"
  filterInputAutoFocus={true}
  filterMatchMode="contains"
  filterPlaceholder={null}
  id="type"
  inputId={null}
  inputRef={null}
  itemTemplate={null}
  key="type"
  maxLength={null}
  name={null}
  onBlur={null}
  onChange={[Function]}
  onContextMenu={null}
  onFilter={null}
  onFocus={null}
  onHide={null}
  onMouseDown={null}
  onShow={null}
  optionDisabled={null}
  optionGroupChildren={null}
  optionGroupLabel={null}
  optionGroupTemplate={null}
  optionLabel={null}
  optionValue={null}
  options={Array []}
  panelClassName={null}
  panelStyle={null}
  placeholder={null}
  required={false}
  resetFilterOnHide={false}
  scrollHeight="200px"
  showClear={false}
  showFilterClear={false}
  showOnFocus={false}
  style={null}
  tabIndex={null}
  tooltip={null}
  tooltipOptions={null}
  transitionOptions={null}
  value={null}
  valueTemplate={null}
  virtualScrollerOptions={null}
/>
`;
