// Jest Snapshot v1, https://goo.gl/fbAQLP

exports[`BulkDeleteActions should match snapshot 1`] = `
<div
  className="nexus-c-bulk-delete-actions__wrapper"
>
  <div
    className="nexus-c-bulk-delete-actions__btn-wrapper"
  >
    <WithAnalyticsContext(WithAnalyticsEvents(Button))
      appearance="danger"
      className="nexus-c-bulk-delete-actions__delete-btn"
      isDisabled={false}
      onClick={[MockFunction]}
    >
      Delete 0 Rights
    </WithAnalyticsContext(WithAnalyticsEvents(Button))>
    <WithAnalyticsContext(WithAnalyticsEvents(Button))
      appearance="subtle"
      className="nexus-c-bulk-delete-actions__cancel-btn"
      isDisabled={false}
      onClick={[MockFunction]}
    >
      Cancel
    </WithAnalyticsContext(WithAnalyticsEvents(Button))>
  </div>
</div>
`;
