// Jest Snapshot v1, https://goo.gl/fbAQLP

exports[`Settings Page should match snapshot 1`] = `
<div
  className="nexus-c-settings-page nexus-c-page-container d-flex flex-column h-100"
>
  <div
    className="nexus-c-settings-header"
  >
    <div
      className="row"
    >
      <div
        className="col-4"
      >
        <h1>
          Settings
        </h1>
      </div>
      <div
        className="col-4 d-flex justify-content-center"
      >
        <TabMenu
          __TYPE="TabMenu"
          activeIndex={0}
          className="nexus-c-title-metadata__tab-menu"
          id={null}
          model={
            Array [
              Object {
                "label": "API Config",
                "listDisplayName": "APIs",
                "value": "api",
              },
              Object {
                "label": "Localization",
                "listDisplayName": "Localization",
                "value": "locale",
              },
            ]
          }
          onTabChange={[Function]}
          style={null}
        />
      </div>
    </div>
  </div>
  <div
    className="nexus-c-settings-content"
  >
    <div
      className="h-100"
    >
      <div
        className="row w-100 h-100"
      >
        <div
          className="col-6 h-100"
        >
          <NexusDataPanel
            data={Array []}
            header={
              <div>
                <NexusEntity
                  actions={Array []}
                  disableHover={false}
                  flag1=""
                  flag2=""
                  heading="APIs"
                  isActive={false}
                  tag=""
                  type="subheader"
                />
              </div>
            }
            itemTemplate={[Function]}
            loading={false}
          />
        </div>
        <div
          className="col-6 h-100"
        />
      </div>
    </div>
  </div>
</div>
`;
