// Jest Snapshot v1, https://goo.gl/fbAQLP

exports[`NexusDrawer should match snapshot 1`] = `
<Fragment>
  <Blanket
    canClickThrough={false}
    isTinted={true}
    onBlanketClicked={[Function]}
  />
  <div
    className="nexus-c-drawer nexus-c-drawer--from-right nexus-c-drawer--is-narrow-open"
  >
    <Page>
      <GridWrapper
        layout="fluid"
      >
        <GridColumn>
          <div
            className="nexus-c-drawer__header nexus-c-drawer__header--from-right nexus-c-drawer__header--is-open"
          >
            <div
              className="nexus-c-drawer__title-container"
            >
              <h1
                className="nexus-c-drawer__title"
              />
            </div>
            <Button
              className="p-button-text"
              icon="po po-remove"
              onClick={[Function]}
              tooltip="Close Drawer"
            />
          </div>
        </GridColumn>
      </GridWrapper>
    </Page>
  </div>
</Fragment>
`;
