// Jest Snapshot v1, https://goo.gl/fbAQLP

exports[`NexusJsonView should match snapshot 1`] = `
<NexusResizable
  defaultHeight={250}
  defaultWidth="100%"
  handles={
    Object {
      "bottom": true,
    }
  }
>
  <div
    className="nexus-c-json-view"
  >
    <n
      collapseStringsAfterLength={false}
      collapsed={false}
      defaultValue={null}
      displayArrayKey={true}
      displayDataTypes={true}
      displayObjectSize={false}
      displayPropTypes={false}
      enableClipboard={false}
      groupArraysAfterLength={100}
      iconStyle="triangle"
      indentWidth={4}
      name={false}
      onAdd={false}
      onDelete={false}
      onEdit={false}
      onSelect={false}
      quotesOnKeys={true}
      shouldCollapse={false}
      sortKeys={false}
      src={Object {}}
      style={Object {}}
      theme="rjv-default"
      validationMessage="Validation Error"
    />
  </div>
</NexusResizable>
`;
