// Jest Snapshot v1, https://goo.gl/fbAQLP

exports[`TooltipCellRenderer should match snapshot 1`] = `
<Memo()
  boundariesElement="scrollParent"
  content={[Function]}
  isOpen={false}
  onClose={[Function]}
  trigger={[Function]}
/>
`;
