// Jest Snapshot v1, https://goo.gl/fbAQLP

exports[`FieldRequired should match snapshot 1`] = `
<span
  className="p-field-required"
>
  *
</span>
`;
