// Jest Snapshot v1, https://goo.gl/fbAQLP

exports[`AssignModal should match snapshot 1`] = `
<div
  className="dop-tasks-assign-tasks"
>
  <label>
    Assign to: 
  </label>
  <WithAnalyticsContext(WithAnalyticsEvents(AtlaskitSelect))
    onChange={[Function]}
    options={
      Array [
        Object {
          "firstName": "test",
          "lastName": "test",
          "userId": "test",
        },
      ]
    }
    placeholder="Select Task Owner"
  />
</div>
`;
