// Jest Snapshot v1, https://goo.gl/fbAQLP

exports[`IngestReport should match snapshot 1`] = `
<div
  className="ingest-report"
>
  <div
    className="ingest-report__fields"
  >
    <div
      className="ingest-report__field"
      key="total"
    >
      <span
        className="ingest-report__field--label"
      >
        Rights
      </span>
      <span
        className="ingest-report__field--value filter-active"
        onClick={[Function]}
      >
        20001
      </span>
    </div>
    <div
      className="ingest-report__field"
      key="created"
    >
      <span
        className="ingest-report__field--label"
      >
        New
      </span>
      <span
        className="ingest-report__field--value"
        onClick={[Function]}
      >
        1001
      </span>
    </div>
    <div
      className="ingest-report__field"
      key="updated"
    >
      <span
        className="ingest-report__field--label"
      >
        Updated
      </span>
      <span
        className="ingest-report__field--value"
        onClick={[Function]}
      >
        19999
      </span>
    </div>
    <div
      className="ingest-report__field"
      key="fatal"
    >
      <span
        className="ingest-report__field--label"
      >
        Fatals
      </span>
      <span
        className="ingest-report__field--value"
        onClick={[Function]}
      >
        3
      </span>
    </div>
    <div
      className="ingest-report__field"
      key="pending"
    >
      <span
        className="ingest-report__field--label"
      >
        Pending
      </span>
      <span
        className="ingest-report__field--value"
        onClick={[Function]}
      >
        0
      </span>
    </div>
    <div
      className="ingest-report__field"
      key="errors"
    >
      <span
        className="ingest-report__field--label"
      >
        Errors
      </span>
      <span
        className="ingest-report__field--value"
        onClick={[Function]}
      >
        2
      </span>
    </div>
  </div>
  <span
    className="ingest-report__error-message"
  >
    Some attachments could not be processed
  </span>
</div>
`;
