// Jest Snapshot v1, https://goo.gl/fbAQLP

exports[`FieldError should match snapshot 1`] = `
<span
  className="p-error-message false d-inline-flex align-items-center"
>
  <i
    className="pi pi-exclamation-circle mx-1"
  />
</span>
`;
