// Jest Snapshot v1, https://goo.gl/fbAQLP

exports[`DateTime should match snapshot 1`] = `
<NexusDatePicker
  error=""
  id="-date"
  isClearable={false}
  isLabelHidden={false}
  isReadOnly={false}
  isRequired={false}
  isReturningTime={false}
  isTimestamp={false}
  isWithInlineEdit={false}
  label=""
  onChange={[Function]}
  onConfirm={[Function]}
  value=""
/>
`;
