// Jest Snapshot v1, https://goo.gl/fbAQLP

exports[`NexusLayout should match snapshot 1`] = `
<div
  className="nexus-c-app-layout"
>
  <IfEmbedded
    value={true}
  >
    <DOP />
  </IfEmbedded>
  <IfEmbedded
    value={false}
  >
    <withRouter(Connect(NexusNavigation)) />
  </IfEmbedded>
  <div
    className="nexus-c-app-layout__main"
  >
    <withRouter(Connect(NexusBreadcrumb)) />
  </div>
</div>
`;
