// Jest Snapshot v1, https://goo.gl/fbAQLP

exports[`EmphasizedCellRenderer should match snapshot 1`] = `
<span
  className="
                nexus-c-emphasized-cell-renderer 
                nexus-c-emphasized-cell-renderer--is-teal
            "
>
  IN PROGRESS
</span>
`;
