// Jest Snapshot v1, https://goo.gl/fbAQLP

exports[`IconButton should match snapshot 1`] = `
<div
  className="nexus-c-icon-button"
>
  <WithAnalyticsContext(WithAnalyticsEvents(Tooltip))
    content="Icon Button Label"
  >
    <WithAnalyticsContext(WithAnalyticsEvents(Button))
      appearance="subtle"
      iconBefore={
        <CrossIcon
          label="Icon Button Label"
        />
      }
      isDisabled={false}
      onClick={[Function]}
      theme={[Function]}
    />
  </WithAnalyticsContext(WithAnalyticsEvents(Tooltip))>
</div>
`;
