// Jest Snapshot v1, https://goo.gl/fbAQLP

exports[`HeaderSection should match snapshot 1`] = `
<div
  className="nexus-c-bulk-matching__header"
>
  <div
    className="nexus-c-bulk-matching__rights-tab nexus-c-bulk-matching__rights-tab--active"
    onClick={[Function]}
  >
    Selected Rights
     (
    1
    )
  </div>
  <div
    className="nexus-c-bulk-matching__rights-tab"
    onClick={[Function]}
  >
    Affected Rights
     (
    2
    )
  </div>
  <Button
    className="nexus-c-bulk-matching__btn"
    isDisabled={true}
    onClick={[Function]}
  >
    New Title
  </Button>
</div>
`;
