// Jest Snapshot v1, https://goo.gl/fbAQLP

exports[`ServicingOrdersTable should match snapshot 1`] = `
<div
  className="nexus-c-servicing-orders-table"
>
  <ComposedComponent
    columnDefs={
      Array [
        Object {
          "cellRenderer": "loadingCellRenderer",
          "cellRendererParams": Object {
            "link": "/servicing-orders/",
            "newTab": false,
          },
          "colId": "so_number",
          "dataType": "string",
          "displayName": "SO Number",
          "enableSearch": true,
          "field": "so_number",
          "headerName": "SO Number",
          "javaVariableName": "so_number",
          "searchDataType": "string",
          "valueFormatter": [Function],
          "width": 150,
        },
        Object {
          "cellRenderer": "loadingCellRenderer",
          "colId": "description",
          "dataType": "string",
          "displayName": "SO Description",
          "enableSearch": true,
          "field": "description",
          "headerName": "SO Description",
          "javaVariableName": "description",
          "searchDataType": "string",
          "valueFormatter": [Function],
          "width": 200,
        },
        Object {
          "cellRenderer": "loadingCellRenderer",
          "colId": "external_id",
          "dataType": "string",
          "displayName": "SR Number",
          "enableSearch": true,
          "field": "external_id",
          "headerName": "SR Number",
          "javaVariableName": "external_id",
          "searchDataType": "string",
          "valueFormatter": [Function],
          "width": 200,
        },
        Object {
          "cellRenderer": "loadingCellRenderer",
          "colId": "sr_due_date",
          "dataType": "regionalMidnight",
          "displayName": "SR Due Date",
          "enableSearch": true,
          "field": "sr_due_date",
          "headerName": "SR Due Date",
          "javaVariableName": "sr_due_date",
          "searchDataType": "regionalMidnight",
          "valueFormatter": [Function],
          "width": 200,
        },
        Object {
          "cellRenderer": "loadingCellRenderer",
          "colId": "submitted_date",
          "dataType": "regionalMidnight",
          "displayName": "Submitted Date",
          "enableSearch": true,
          "field": "submitted_date",
          "headerName": "Submitted Date",
          "javaVariableName": "submitted_date",
          "searchDataType": "regionalMidnight",
          "valueFormatter": [Function],
          "width": 200,
        },
        Object {
          "cellRenderer": "loadingCellRenderer",
          "colId": "rush_order",
          "dataType": "string",
          "displayName": "Rush",
          "enableSearch": true,
          "field": "rush_order",
          "headerName": "Rush",
          "javaVariableName": "rush_order",
          "searchDataType": "string",
          "valueFormatter": [Function],
          "width": 100,
        },
        Object {
          "cellRenderer": "emphasizedStringCellRenderer",
          "colId": "status",
          "dataType": "select",
          "displayName": "Status",
          "enableSearch": true,
          "field": "status",
          "headerName": "Status",
          "isEmphasized": true,
          "javaVariableName": "status",
          "options": Array [
            "NOT_STARTED",
            "IN_PROGRESS",
            "COMPLETE",
            "CANCELLED",
            "FAILED",
          ],
          "searchDataType": "multiselect",
          "valueFormatter": undefined,
          "width": 150,
        },
        Object {
          "cellRenderer": "emphasizedStringCellRenderer",
          "colId": "readiness",
          "dataType": "select",
          "displayName": "Readiness",
          "enableSearch": true,
          "field": "readiness",
          "headerName": "Readiness",
          "isEmphasized": true,
          "javaVariableName": "readiness",
          "options": Array [
            "NEW",
            "READY",
            "ON_HOLD",
          ],
          "searchDataType": "multiselect",
          "valueFormatter": undefined,
          "width": 150,
        },
      ]
    }
    customDateFilterParamSuffixes={
      Array [
        "Start",
        "End",
      ]
    }
    frameworkComponents={
      Object {
        "emphasizedStringCellRenderer": [Function],
      }
    }
    mapping={
      Array [
        Object {
          "cellRendererParams": Object {
            "link": "/servicing-orders/",
            "newTab": false,
          },
          "colId": "so_number",
          "dataType": "string",
          "displayName": "SO Number",
          "enableSearch": true,
          "field": "so_number",
          "headerName": "SO Number",
          "javaVariableName": "so_number",
          "searchDataType": "string",
          "width": 150,
        },
        Object {
          "colId": "description",
          "dataType": "string",
          "displayName": "SO Description",
          "enableSearch": true,
          "field": "description",
          "headerName": "SO Description",
          "javaVariableName": "description",
          "searchDataType": "string",
          "width": 200,
        },
        Object {
          "colId": "external_id",
          "dataType": "string",
          "displayName": "SR Number",
          "enableSearch": true,
          "field": "external_id",
          "headerName": "SR Number",
          "javaVariableName": "external_id",
          "searchDataType": "string",
          "width": 200,
        },
        Object {
          "colId": "sr_due_date",
          "dataType": "regionalMidnight",
          "displayName": "SR Due Date",
          "enableSearch": true,
          "field": "sr_due_date",
          "headerName": "SR Due Date",
          "javaVariableName": "sr_due_date",
          "searchDataType": "regionalMidnight",
          "width": 200,
        },
        Object {
          "colId": "submitted_date",
          "dataType": "regionalMidnight",
          "displayName": "Submitted Date",
          "enableSearch": true,
          "field": "submitted_date",
          "headerName": "Submitted Date",
          "javaVariableName": "submitted_date",
          "searchDataType": "regionalMidnight",
          "width": 200,
        },
        Object {
          "colId": "rush_order",
          "dataType": "string",
          "displayName": "Rush",
          "enableSearch": true,
          "field": "rush_order",
          "headerName": "Rush",
          "javaVariableName": "rush_order",
          "searchDataType": "string",
          "width": 100,
        },
        Object {
          "colId": "status",
          "dataType": "select",
          "displayName": "Status",
          "enableSearch": true,
          "field": "status",
          "headerName": "Status",
          "isEmphasized": true,
          "javaVariableName": "status",
          "options": Array [
            "NOT_STARTED",
            "IN_PROGRESS",
            "COMPLETE",
            "CANCELLED",
            "FAILED",
          ],
          "searchDataType": "multiselect",
          "width": 150,
        },
        Object {
          "colId": "readiness",
          "dataType": "select",
          "displayName": "Readiness",
          "enableSearch": true,
          "field": "readiness",
          "headerName": "Readiness",
          "isEmphasized": true,
          "javaVariableName": "readiness",
          "options": Array [
            "NEW",
            "READY",
            "ON_HOLD",
          ],
          "searchDataType": "multiselect",
          "width": 150,
        },
      ]
    }
  />
</div>
`;
