// Jest Snapshot v1, https://goo.gl/fbAQLP

exports[`TitleMetadataBottomHeaderPart should match snapshot 1`] = `
<div
  className="nexus-c-title-metadata"
>
  <TitleMetadataHeader
    label="Title Metadata"
  >
    <div
      className="row"
    >
      <div
        className="col-4"
      >
        <div
          className="nexus-c-title-metadata-header__label"
        >
          Title Metadata
        </div>
      </div>
      <div
        className="col-4 d-flex justify-content-center"
      >
        <TabMenu
          activeIndex={0}
          className="nexus-c-title-metadata__tab-menu"
          id={null}
          model={
            Array [
              Object {
                "label": "Repository",
                "value": "repository",
              },
              Object {
                "label": "Sync Status",
                "value": "syncLog",
              },
              Object {
                "label": "Upload Log",
                "value": "uploadLog",
              },
            ]
          }
          onTabChange={[Function]}
          style={null}
        />
      </div>
      <div
        className="col-4"
      >
        <Connect(RepositorySelectsAndButtons)
          applyPredefinedTableView={[Function]}
          changeCatalogueOwner={[Function]}
          columnApi={null}
          getNameOfCurrentTab={[Function]}
          gridApi={null}
          lastStoredFilter={
            Object {
              "label": undefined,
            }
          }
          setBlockLastFilter={[Function]}
          setShowModal={[Function]}
          setUserDefinedGridState={[Function]}
          userDefinedGridStates={Array []}
          username=""
        />
      </div>
    </div>
    <div
      className="row"
    >
      <div
        className="col"
      >
        <Connect(TitleMetadataBottomHeaderPart)
          className="nexus-c-title-metadata-header__bottom"
          isItTheSameTab={[Function]}
          showError={[Function]}
          showSuccess={[Function]}
          uploadHandler={[Function]}
        />
      </div>
    </div>
  </TitleMetadataHeader>
  <Connect(TitleMetadataTable)
    catalogueOwner={
      Object {
        "tenantCode": "vu",
      }
    }
    className="nexus-c-title-metadata__table"
    columnApi={null}
    gridApi={null}
    history={Object {}}
    setColumnApi={[Function]}
    setGridApi={[Function]}
  />
  <Connect(ComposedComponent)
    display={false}
    redirectToV2={true}
    tenantCode="vu"
    toggle={[Function]}
  />
</div>
`;
